
> @figma/my-make-file@0.0.1 build
> vite build

vite v6.4.2 building for production...
transforming...
✓ 4 modules transformed.
✗ Build failed in 52ms
error during build:
[vite:esbuild] Transform failed with 1 error:
/Users/achintyasharma/Design/Integrated-Modular-Healing-Space/src/app/App.tsx:882:0: ERROR: Expected ")" but found end of file
file: /Users/achintyasharma/Design/Integrated-Modular-Healing-Space/src/app/App.tsx:882:0

Expected ")" but found end of file
880|    );
881|  }
882|  
   |  ^

    at failureErrorWithLog (/Users/achintyasharma/Design/Integrated-Modular-Healing-Space/node_modules/esbuild/lib/main.js:1467:15)
    at /Users/achintyasharma/Design/Integrated-Modular-Healing-Space/node_modules/esbuild/lib/main.js:736:50
    at responseCallbacks.<computed> (/Users/achintyasharma/Design/Integrated-Modular-Healing-Space/node_modules/esbuild/lib/main.js:603:9)
    at handleIncomingPacket (/Users/achintyasharma/Design/Integrated-Modular-Healing-Space/node_modules/esbuild/lib/main.js:658:12)
    at Socket.readFromStdout (/Users/achintyasharma/Design/Integrated-Modular-Healing-Space/node_modules/esbuild/lib/main.js:581:7)
    at Socket.emit (node:events:508:28)
    at addChunk (node:internal/streams/readable:559:12)
    at readableAddChunkPushByteMode (node:internal/streams/readable:510:3)
    at Readable.push (node:internal/streams/readable:390:5)
    at Pipe.onStreamRead (node:internal/stream_base_commons:189:23)
